Copyright 1986-2022 Xilinx, Inc. All Rights Reserved. Copyright 2022-2024 Advanced Micro Devices, Inc. All Rights Reserved.
---------------------------------------------------------------------------------------------------------------------------------------------
| Tool Version : Vivado v.2024.2 (win64) Build 5239630 Fri Nov 08 22:35:27 MST 2024
| Date         : Wed Jun  4 18:06:18 2025
| Host         : DESKTOP-8L9PMU5 running 64-bit major release  (build 9200)
| Command      : report_timing -max_paths 10 -file ./report/top_function_timing_paths_routed.rpt
| Design       : bd_0_wrapper
| Device       : 7z007s-clg400
| Speed File   : -1  PRODUCTION 1.12 2019-11-22
| Design State : Routed
---------------------------------------------------------------------------------------------------------------------------------------------

Timing Report

Slack (MET) :             6.361ns  (required time - arrival time)
  Source:                 input_a_soma[1]
                            (input port)
  Destination:            output_soma[29]
  Path Group:             **default**
  Path Type:              Max at Slow Process Corner
  Requirement:            10.000ns  (MaxDelay Path 10.000ns)
  Data Path Delay:        3.639ns  (logic 1.692ns (46.500%)  route 1.947ns (53.500%))
  Logic Levels:           9  (CARRY4=8 LUT2=1)
  Output Delay:           0.000ns
  Timing Exception:       MaxDelay Path 10.000ns

    Location             Delay type                Incr(ns)  Path(ns)    Netlist Resource(s)
  -------------------------------------------------------------------    -------------------
                                                      0.000     0.000 r  input_a_soma[1] (IN)
                         net (fo=0)                   0.973     0.973    bd_0_i/hls_inst/inst/input_a_soma[1]
    SLICE_X26Y48         LUT2 (Prop_lut2_I1_O)        0.124     1.097 r  bd_0_i/hls_inst/inst/output_soma[0]_INST_0_i_3/O
                         net (fo=1, routed)           0.000     1.097    bd_0_i/hls_inst/inst/output_soma[0]_INST_0_i_3_n_0
    SLICE_X26Y48         CARRY4 (Prop_carry4_S[1]_CO[3])
                                                      0.550     1.647 r  bd_0_i/hls_inst/inst/output_soma[0]_INST_0/CO[3]
                         net (fo=1, routed)           0.000     1.647    bd_0_i/hls_inst/inst/output_soma[0]_INST_0_n_0
    SLICE_X26Y49         CARRY4 (Prop_carry4_CI_CO[3])
                                                      0.114     1.761 r  bd_0_i/hls_inst/inst/output_soma[4]_INST_0/CO[3]
                         net (fo=1, routed)           0.001     1.762    bd_0_i/hls_inst/inst/output_soma[4]_INST_0_n_0
    SLICE_X26Y50         CARRY4 (Prop_carry4_CI_CO[3])
                                                      0.114     1.876 r  bd_0_i/hls_inst/inst/output_soma[8]_INST_0/CO[3]
                         net (fo=1, routed)           0.000     1.876    bd_0_i/hls_inst/inst/output_soma[8]_INST_0_n_0
    SLICE_X26Y51         CARRY4 (Prop_carry4_CI_CO[3])
                                                      0.114     1.990 r  bd_0_i/hls_inst/inst/output_soma[12]_INST_0/CO[3]
                         net (fo=1, routed)           0.000     1.990    bd_0_i/hls_inst/inst/output_soma[12]_INST_0_n_0
    SLICE_X26Y52         CARRY4 (Prop_carry4_CI_CO[3])
                                                      0.114     2.104 r  bd_0_i/hls_inst/inst/output_soma[16]_INST_0/CO[3]
                         net (fo=1, routed)           0.000     2.104    bd_0_i/hls_inst/inst/output_soma[16]_INST_0_n_0
    SLICE_X26Y53         CARRY4 (Prop_carry4_CI_CO[3])
                                                      0.114     2.218 r  bd_0_i/hls_inst/inst/output_soma[20]_INST_0/CO[3]
                         net (fo=1, routed)           0.000     2.218    bd_0_i/hls_inst/inst/output_soma[20]_INST_0_n_0
    SLICE_X26Y54         CARRY4 (Prop_carry4_CI_CO[3])
                                                      0.114     2.332 r  bd_0_i/hls_inst/inst/output_soma[24]_INST_0/CO[3]
                         net (fo=1, routed)           0.000     2.332    bd_0_i/hls_inst/inst/output_soma[24]_INST_0_n_0
    SLICE_X26Y55         CARRY4 (Prop_carry4_CI_O[1])
                                                      0.334     2.666 r  bd_0_i/hls_inst/inst/output_soma[28]_INST_0/O[1]
                         net (fo=0)                   0.973     3.639    output_soma[29]
                                                                      r  output_soma[29] (OUT)
  -------------------------------------------------------------------    -------------------

                         max delay                   10.000    10.000    
                         clock pessimism              0.000    10.000    
                         output delay                -0.000    10.000    
  -------------------------------------------------------------------
                         required time                         10.000    
                         arrival time                          -3.639    
  -------------------------------------------------------------------
                         slack                                  6.361    

Slack (MET) :             6.361ns  (required time - arrival time)
  Source:                 input_b_sub[1]
                            (input port)
  Destination:            output_subtracao[29]
  Path Group:             **default**
  Path Type:              Max at Slow Process Corner
  Requirement:            10.000ns  (MaxDelay Path 10.000ns)
  Data Path Delay:        3.639ns  (logic 1.692ns (46.500%)  route 1.947ns (53.500%))
  Logic Levels:           9  (CARRY4=8 LUT2=1)
  Output Delay:           0.000ns
  Timing Exception:       MaxDelay Path 10.000ns

    Location             Delay type                Incr(ns)  Path(ns)    Netlist Resource(s)
  -------------------------------------------------------------------    -------------------
                                                      0.000     0.000 r  input_b_sub[1] (IN)
                         net (fo=0)                   0.973     0.973    bd_0_i/hls_inst/inst/input_b_sub[1]
    SLICE_X27Y46         LUT2 (Prop_lut2_I1_O)        0.124     1.097 r  bd_0_i/hls_inst/inst/output_subtracao[0]_INST_0_i_3/O
                         net (fo=1, routed)           0.000     1.097    bd_0_i/hls_inst/inst/output_subtracao[0]_INST_0_i_3_n_0
    SLICE_X27Y46         CARRY4 (Prop_carry4_S[1]_CO[3])
                                                      0.550     1.647 r  bd_0_i/hls_inst/inst/output_subtracao[0]_INST_0/CO[3]
                         net (fo=1, routed)           0.000     1.647    bd_0_i/hls_inst/inst/output_subtracao[0]_INST_0_n_0
    SLICE_X27Y47         CARRY4 (Prop_carry4_CI_CO[3])
                                                      0.114     1.761 r  bd_0_i/hls_inst/inst/output_subtracao[4]_INST_0/CO[3]
                         net (fo=1, routed)           0.000     1.761    bd_0_i/hls_inst/inst/output_subtracao[4]_INST_0_n_0
    SLICE_X27Y48         CARRY4 (Prop_carry4_CI_CO[3])
                                                      0.114     1.875 r  bd_0_i/hls_inst/inst/output_subtracao[8]_INST_0/CO[3]
                         net (fo=1, routed)           0.000     1.875    bd_0_i/hls_inst/inst/output_subtracao[8]_INST_0_n_0
    SLICE_X27Y49         CARRY4 (Prop_carry4_CI_CO[3])
                                                      0.114     1.989 r  bd_0_i/hls_inst/inst/output_subtracao[12]_INST_0/CO[3]
                         net (fo=1, routed)           0.001     1.990    bd_0_i/hls_inst/inst/output_subtracao[12]_INST_0_n_0
    SLICE_X27Y50         CARRY4 (Prop_carry4_CI_CO[3])
                                                      0.114     2.104 r  bd_0_i/hls_inst/inst/output_subtracao[16]_INST_0/CO[3]
                         net (fo=1, routed)           0.000     2.104    bd_0_i/hls_inst/inst/output_subtracao[16]_INST_0_n_0
    SLICE_X27Y51         CARRY4 (Prop_carry4_CI_CO[3])
                                                      0.114     2.218 r  bd_0_i/hls_inst/inst/output_subtracao[20]_INST_0/CO[3]
                         net (fo=1, routed)           0.000     2.218    bd_0_i/hls_inst/inst/output_subtracao[20]_INST_0_n_0
    SLICE_X27Y52         CARRY4 (Prop_carry4_CI_CO[3])
                                                      0.114     2.332 r  bd_0_i/hls_inst/inst/output_subtracao[24]_INST_0/CO[3]
                         net (fo=1, routed)           0.000     2.332    bd_0_i/hls_inst/inst/output_subtracao[24]_INST_0_n_0
    SLICE_X27Y53         CARRY4 (Prop_carry4_CI_O[1])
                                                      0.334     2.666 r  bd_0_i/hls_inst/inst/output_subtracao[28]_INST_0/O[1]
                         net (fo=0)                   0.973     3.639    output_subtracao[29]
                                                                      r  output_subtracao[29] (OUT)
  -------------------------------------------------------------------    -------------------

                         max delay                   10.000    10.000    
                         clock pessimism              0.000    10.000    
                         output delay                -0.000    10.000    
  -------------------------------------------------------------------
                         required time                         10.000    
                         arrival time                          -3.639    
  -------------------------------------------------------------------
                         slack                                  6.361    

Slack (MET) :             6.382ns  (required time - arrival time)
  Source:                 input_b_sub[1]
                            (input port)
  Destination:            output_subtracao[31]
  Path Group:             **default**
  Path Type:              Max at Slow Process Corner
  Requirement:            10.000ns  (MaxDelay Path 10.000ns)
  Data Path Delay:        3.618ns  (logic 1.671ns (46.190%)  route 1.947ns (53.810%))
  Logic Levels:           9  (CARRY4=8 LUT2=1)
  Output Delay:           0.000ns
  Timing Exception:       MaxDelay Path 10.000ns

    Location             Delay type                Incr(ns)  Path(ns)    Netlist Resource(s)
  -------------------------------------------------------------------    -------------------
                                                      0.000     0.000 r  input_b_sub[1] (IN)
                         net (fo=0)                   0.973     0.973    bd_0_i/hls_inst/inst/input_b_sub[1]
    SLICE_X27Y46         LUT2 (Prop_lut2_I1_O)        0.124     1.097 r  bd_0_i/hls_inst/inst/output_subtracao[0]_INST_0_i_3/O
                         net (fo=1, routed)           0.000     1.097    bd_0_i/hls_inst/inst/output_subtracao[0]_INST_0_i_3_n_0
    SLICE_X27Y46         CARRY4 (Prop_carry4_S[1]_CO[3])
                                                      0.550     1.647 r  bd_0_i/hls_inst/inst/output_subtracao[0]_INST_0/CO[3]
                         net (fo=1, routed)           0.000     1.647    bd_0_i/hls_inst/inst/output_subtracao[0]_INST_0_n_0
    SLICE_X27Y47         CARRY4 (Prop_carry4_CI_CO[3])
                                                      0.114     1.761 r  bd_0_i/hls_inst/inst/output_subtracao[4]_INST_0/CO[3]
                         net (fo=1, routed)           0.000     1.761    bd_0_i/hls_inst/inst/output_subtracao[4]_INST_0_n_0
    SLICE_X27Y48         CARRY4 (Prop_carry4_CI_CO[3])
                                                      0.114     1.875 r  bd_0_i/hls_inst/inst/output_subtracao[8]_INST_0/CO[3]
                         net (fo=1, routed)           0.000     1.875    bd_0_i/hls_inst/inst/output_subtracao[8]_INST_0_n_0
    SLICE_X27Y49         CARRY4 (Prop_carry4_CI_CO[3])
                                                      0.114     1.989 r  bd_0_i/hls_inst/inst/output_subtracao[12]_INST_0/CO[3]
                         net (fo=1, routed)           0.001     1.990    bd_0_i/hls_inst/inst/output_subtracao[12]_INST_0_n_0
    SLICE_X27Y50         CARRY4 (Prop_carry4_CI_CO[3])
                                                      0.114     2.104 r  bd_0_i/hls_inst/inst/output_subtracao[16]_INST_0/CO[3]
                         net (fo=1, routed)           0.000     2.104    bd_0_i/hls_inst/inst/output_subtracao[16]_INST_0_n_0
    SLICE_X27Y51         CARRY4 (Prop_carry4_CI_CO[3])
                                                      0.114     2.218 r  bd_0_i/hls_inst/inst/output_subtracao[20]_INST_0/CO[3]
                         net (fo=1, routed)           0.000     2.218    bd_0_i/hls_inst/inst/output_subtracao[20]_INST_0_n_0
    SLICE_X27Y52         CARRY4 (Prop_carry4_CI_CO[3])
                                                      0.114     2.332 r  bd_0_i/hls_inst/inst/output_subtracao[24]_INST_0/CO[3]
                         net (fo=1, routed)           0.000     2.332    bd_0_i/hls_inst/inst/output_subtracao[24]_INST_0_n_0
    SLICE_X27Y53         CARRY4 (Prop_carry4_CI_O[3])
                                                      0.313     2.645 r  bd_0_i/hls_inst/inst/output_subtracao[28]_INST_0/O[3]
                         net (fo=0)                   0.973     3.618    output_subtracao[31]
                                                                      r  output_subtracao[31] (OUT)
  -------------------------------------------------------------------    -------------------

                         max delay                   10.000    10.000    
                         clock pessimism              0.000    10.000    
                         output delay                -0.000    10.000    
  -------------------------------------------------------------------
                         required time                         10.000    
                         arrival time                          -3.618    
  -------------------------------------------------------------------
                         slack                                  6.382    

Slack (MET) :             6.382ns  (required time - arrival time)
  Source:                 input_a_soma[1]
                            (input port)
  Destination:            output_soma[31]
  Path Group:             **default**
  Path Type:              Max at Slow Process Corner
  Requirement:            10.000ns  (MaxDelay Path 10.000ns)
  Data Path Delay:        3.618ns  (logic 1.671ns (46.190%)  route 1.947ns (53.810%))
  Logic Levels:           9  (CARRY4=8 LUT2=1)
  Output Delay:           0.000ns
  Timing Exception:       MaxDelay Path 10.000ns

    Location             Delay type                Incr(ns)  Path(ns)    Netlist Resource(s)
  -------------------------------------------------------------------    -------------------
                                                      0.000     0.000 r  input_a_soma[1] (IN)
                         net (fo=0)                   0.973     0.973    bd_0_i/hls_inst/inst/input_a_soma[1]
    SLICE_X26Y48         LUT2 (Prop_lut2_I1_O)        0.124     1.097 r  bd_0_i/hls_inst/inst/output_soma[0]_INST_0_i_3/O
                         net (fo=1, routed)           0.000     1.097    bd_0_i/hls_inst/inst/output_soma[0]_INST_0_i_3_n_0
    SLICE_X26Y48         CARRY4 (Prop_carry4_S[1]_CO[3])
                                                      0.550     1.647 r  bd_0_i/hls_inst/inst/output_soma[0]_INST_0/CO[3]
                         net (fo=1, routed)           0.000     1.647    bd_0_i/hls_inst/inst/output_soma[0]_INST_0_n_0
    SLICE_X26Y49         CARRY4 (Prop_carry4_CI_CO[3])
                                                      0.114     1.761 r  bd_0_i/hls_inst/inst/output_soma[4]_INST_0/CO[3]
                         net (fo=1, routed)           0.001     1.762    bd_0_i/hls_inst/inst/output_soma[4]_INST_0_n_0
    SLICE_X26Y50         CARRY4 (Prop_carry4_CI_CO[3])
                                                      0.114     1.876 r  bd_0_i/hls_inst/inst/output_soma[8]_INST_0/CO[3]
                         net (fo=1, routed)           0.000     1.876    bd_0_i/hls_inst/inst/output_soma[8]_INST_0_n_0
    SLICE_X26Y51         CARRY4 (Prop_carry4_CI_CO[3])
                                                      0.114     1.990 r  bd_0_i/hls_inst/inst/output_soma[12]_INST_0/CO[3]
                         net (fo=1, routed)           0.000     1.990    bd_0_i/hls_inst/inst/output_soma[12]_INST_0_n_0
    SLICE_X26Y52         CARRY4 (Prop_carry4_CI_CO[3])
                                                      0.114     2.104 r  bd_0_i/hls_inst/inst/output_soma[16]_INST_0/CO[3]
                         net (fo=1, routed)           0.000     2.104    bd_0_i/hls_inst/inst/output_soma[16]_INST_0_n_0
    SLICE_X26Y53         CARRY4 (Prop_carry4_CI_CO[3])
                                                      0.114     2.218 r  bd_0_i/hls_inst/inst/output_soma[20]_INST_0/CO[3]
                         net (fo=1, routed)           0.000     2.218    bd_0_i/hls_inst/inst/output_soma[20]_INST_0_n_0
    SLICE_X26Y54         CARRY4 (Prop_carry4_CI_CO[3])
                                                      0.114     2.332 r  bd_0_i/hls_inst/inst/output_soma[24]_INST_0/CO[3]
                         net (fo=1, routed)           0.000     2.332    bd_0_i/hls_inst/inst/output_soma[24]_INST_0_n_0
    SLICE_X26Y55         CARRY4 (Prop_carry4_CI_O[3])
                                                      0.313     2.645 r  bd_0_i/hls_inst/inst/output_soma[28]_INST_0/O[3]
                         net (fo=0)                   0.973     3.618    output_soma[31]
                                                                      r  output_soma[31] (OUT)
  -------------------------------------------------------------------    -------------------

                         max delay                   10.000    10.000    
                         clock pessimism              0.000    10.000    
                         output delay                -0.000    10.000    
  -------------------------------------------------------------------
                         required time                         10.000    
                         arrival time                          -3.618    
  -------------------------------------------------------------------
                         slack                                  6.382    

Slack (MET) :             6.456ns  (required time - arrival time)
  Source:                 input_a_soma[1]
                            (input port)
  Destination:            output_soma[30]
  Path Group:             **default**
  Path Type:              Max at Slow Process Corner
  Requirement:            10.000ns  (MaxDelay Path 10.000ns)
  Data Path Delay:        3.544ns  (logic 1.597ns (45.066%)  route 1.947ns (54.934%))
  Logic Levels:           9  (CARRY4=8 LUT2=1)
  Output Delay:           0.000ns
  Timing Exception:       MaxDelay Path 10.000ns

    Location             Delay type                Incr(ns)  Path(ns)    Netlist Resource(s)
  -------------------------------------------------------------------    -------------------
                                                      0.000     0.000 r  input_a_soma[1] (IN)
                         net (fo=0)                   0.973     0.973    bd_0_i/hls_inst/inst/input_a_soma[1]
    SLICE_X26Y48         LUT2 (Prop_lut2_I1_O)        0.124     1.097 r  bd_0_i/hls_inst/inst/output_soma[0]_INST_0_i_3/O
                         net (fo=1, routed)           0.000     1.097    bd_0_i/hls_inst/inst/output_soma[0]_INST_0_i_3_n_0
    SLICE_X26Y48         CARRY4 (Prop_carry4_S[1]_CO[3])
                                                      0.550     1.647 r  bd_0_i/hls_inst/inst/output_soma[0]_INST_0/CO[3]
                         net (fo=1, routed)           0.000     1.647    bd_0_i/hls_inst/inst/output_soma[0]_INST_0_n_0
    SLICE_X26Y49         CARRY4 (Prop_carry4_CI_CO[3])
                                                      0.114     1.761 r  bd_0_i/hls_inst/inst/output_soma[4]_INST_0/CO[3]
                         net (fo=1, routed)           0.001     1.762    bd_0_i/hls_inst/inst/output_soma[4]_INST_0_n_0
    SLICE_X26Y50         CARRY4 (Prop_carry4_CI_CO[3])
                                                      0.114     1.876 r  bd_0_i/hls_inst/inst/output_soma[8]_INST_0/CO[3]
                         net (fo=1, routed)           0.000     1.876    bd_0_i/hls_inst/inst/output_soma[8]_INST_0_n_0
    SLICE_X26Y51         CARRY4 (Prop_carry4_CI_CO[3])
                                                      0.114     1.990 r  bd_0_i/hls_inst/inst/output_soma[12]_INST_0/CO[3]
                         net (fo=1, routed)           0.000     1.990    bd_0_i/hls_inst/inst/output_soma[12]_INST_0_n_0
    SLICE_X26Y52         CARRY4 (Prop_carry4_CI_CO[3])
                                                      0.114     2.104 r  bd_0_i/hls_inst/inst/output_soma[16]_INST_0/CO[3]
                         net (fo=1, routed)           0.000     2.104    bd_0_i/hls_inst/inst/output_soma[16]_INST_0_n_0
    SLICE_X26Y53         CARRY4 (Prop_carry4_CI_CO[3])
                                                      0.114     2.218 r  bd_0_i/hls_inst/inst/output_soma[20]_INST_0/CO[3]
                         net (fo=1, routed)           0.000     2.218    bd_0_i/hls_inst/inst/output_soma[20]_INST_0_n_0
    SLICE_X26Y54         CARRY4 (Prop_carry4_CI_CO[3])
                                                      0.114     2.332 r  bd_0_i/hls_inst/inst/output_soma[24]_INST_0/CO[3]
                         net (fo=1, routed)           0.000     2.332    bd_0_i/hls_inst/inst/output_soma[24]_INST_0_n_0
    SLICE_X26Y55         CARRY4 (Prop_carry4_CI_O[2])
                                                      0.239     2.571 r  bd_0_i/hls_inst/inst/output_soma[28]_INST_0/O[2]
                         net (fo=0)                   0.973     3.544    output_soma[30]
                                                                      r  output_soma[30] (OUT)
  -------------------------------------------------------------------    -------------------

                         max delay                   10.000    10.000    
                         clock pessimism              0.000    10.000    
                         output delay                -0.000    10.000    
  -------------------------------------------------------------------
                         required time                         10.000    
                         arrival time                          -3.544    
  -------------------------------------------------------------------
                         slack                                  6.456    

Slack (MET) :             6.456ns  (required time - arrival time)
  Source:                 input_b_sub[1]
                            (input port)
  Destination:            output_subtracao[30]
  Path Group:             **default**
  Path Type:              Max at Slow Process Corner
  Requirement:            10.000ns  (MaxDelay Path 10.000ns)
  Data Path Delay:        3.544ns  (logic 1.597ns (45.066%)  route 1.947ns (54.934%))
  Logic Levels:           9  (CARRY4=8 LUT2=1)
  Output Delay:           0.000ns
  Timing Exception:       MaxDelay Path 10.000ns

    Location             Delay type                Incr(ns)  Path(ns)    Netlist Resource(s)
  -------------------------------------------------------------------    -------------------
                                                      0.000     0.000 r  input_b_sub[1] (IN)
                         net (fo=0)                   0.973     0.973    bd_0_i/hls_inst/inst/input_b_sub[1]
    SLICE_X27Y46         LUT2 (Prop_lut2_I1_O)        0.124     1.097 r  bd_0_i/hls_inst/inst/output_subtracao[0]_INST_0_i_3/O
                         net (fo=1, routed)           0.000     1.097    bd_0_i/hls_inst/inst/output_subtracao[0]_INST_0_i_3_n_0
    SLICE_X27Y46         CARRY4 (Prop_carry4_S[1]_CO[3])
                                                      0.550     1.647 r  bd_0_i/hls_inst/inst/output_subtracao[0]_INST_0/CO[3]
                         net (fo=1, routed)           0.000     1.647    bd_0_i/hls_inst/inst/output_subtracao[0]_INST_0_n_0
    SLICE_X27Y47         CARRY4 (Prop_carry4_CI_CO[3])
                                                      0.114     1.761 r  bd_0_i/hls_inst/inst/output_subtracao[4]_INST_0/CO[3]
                         net (fo=1, routed)           0.000     1.761    bd_0_i/hls_inst/inst/output_subtracao[4]_INST_0_n_0
    SLICE_X27Y48         CARRY4 (Prop_carry4_CI_CO[3])
                                                      0.114     1.875 r  bd_0_i/hls_inst/inst/output_subtracao[8]_INST_0/CO[3]
                         net (fo=1, routed)           0.000     1.875    bd_0_i/hls_inst/inst/output_subtracao[8]_INST_0_n_0
    SLICE_X27Y49         CARRY4 (Prop_carry4_CI_CO[3])
                                                      0.114     1.989 r  bd_0_i/hls_inst/inst/output_subtracao[12]_INST_0/CO[3]
                         net (fo=1, routed)           0.001     1.990    bd_0_i/hls_inst/inst/output_subtracao[12]_INST_0_n_0
    SLICE_X27Y50         CARRY4 (Prop_carry4_CI_CO[3])
                                                      0.114     2.104 r  bd_0_i/hls_inst/inst/output_subtracao[16]_INST_0/CO[3]
                         net (fo=1, routed)           0.000     2.104    bd_0_i/hls_inst/inst/output_subtracao[16]_INST_0_n_0
    SLICE_X27Y51         CARRY4 (Prop_carry4_CI_CO[3])
                                                      0.114     2.218 r  bd_0_i/hls_inst/inst/output_subtracao[20]_INST_0/CO[3]
                         net (fo=1, routed)           0.000     2.218    bd_0_i/hls_inst/inst/output_subtracao[20]_INST_0_n_0
    SLICE_X27Y52         CARRY4 (Prop_carry4_CI_CO[3])
                                                      0.114     2.332 r  bd_0_i/hls_inst/inst/output_subtracao[24]_INST_0/CO[3]
                         net (fo=1, routed)           0.000     2.332    bd_0_i/hls_inst/inst/output_subtracao[24]_INST_0_n_0
    SLICE_X27Y53         CARRY4 (Prop_carry4_CI_O[2])
                                                      0.239     2.571 r  bd_0_i/hls_inst/inst/output_subtracao[28]_INST_0/O[2]
                         net (fo=0)                   0.973     3.544    output_subtracao[30]
                                                                      r  output_subtracao[30] (OUT)
  -------------------------------------------------------------------    -------------------

                         max delay                   10.000    10.000    
                         clock pessimism              0.000    10.000    
                         output delay                -0.000    10.000    
  -------------------------------------------------------------------
                         required time                         10.000    
                         arrival time                          -3.544    
  -------------------------------------------------------------------
                         slack                                  6.456    

Slack (MET) :             6.473ns  (required time - arrival time)
  Source:                 input_b_sub[1]
                            (input port)
  Destination:            output_subtracao[28]
  Path Group:             **default**
  Path Type:              Max at Slow Process Corner
  Requirement:            10.000ns  (MaxDelay Path 10.000ns)
  Data Path Delay:        3.527ns  (logic 1.580ns (44.801%)  route 1.947ns (55.199%))
  Logic Levels:           9  (CARRY4=8 LUT2=1)
  Output Delay:           0.000ns
  Timing Exception:       MaxDelay Path 10.000ns

    Location             Delay type                Incr(ns)  Path(ns)    Netlist Resource(s)
  -------------------------------------------------------------------    -------------------
                                                      0.000     0.000 r  input_b_sub[1] (IN)
                         net (fo=0)                   0.973     0.973    bd_0_i/hls_inst/inst/input_b_sub[1]
    SLICE_X27Y46         LUT2 (Prop_lut2_I1_O)        0.124     1.097 r  bd_0_i/hls_inst/inst/output_subtracao[0]_INST_0_i_3/O
                         net (fo=1, routed)           0.000     1.097    bd_0_i/hls_inst/inst/output_subtracao[0]_INST_0_i_3_n_0
    SLICE_X27Y46         CARRY4 (Prop_carry4_S[1]_CO[3])
                                                      0.550     1.647 r  bd_0_i/hls_inst/inst/output_subtracao[0]_INST_0/CO[3]
                         net (fo=1, routed)           0.000     1.647    bd_0_i/hls_inst/inst/output_subtracao[0]_INST_0_n_0
    SLICE_X27Y47         CARRY4 (Prop_carry4_CI_CO[3])
                                                      0.114     1.761 r  bd_0_i/hls_inst/inst/output_subtracao[4]_INST_0/CO[3]
                         net (fo=1, routed)           0.000     1.761    bd_0_i/hls_inst/inst/output_subtracao[4]_INST_0_n_0
    SLICE_X27Y48         CARRY4 (Prop_carry4_CI_CO[3])
                                                      0.114     1.875 r  bd_0_i/hls_inst/inst/output_subtracao[8]_INST_0/CO[3]
                         net (fo=1, routed)           0.000     1.875    bd_0_i/hls_inst/inst/output_subtracao[8]_INST_0_n_0
    SLICE_X27Y49         CARRY4 (Prop_carry4_CI_CO[3])
                                                      0.114     1.989 r  bd_0_i/hls_inst/inst/output_subtracao[12]_INST_0/CO[3]
                         net (fo=1, routed)           0.001     1.990    bd_0_i/hls_inst/inst/output_subtracao[12]_INST_0_n_0
    SLICE_X27Y50         CARRY4 (Prop_carry4_CI_CO[3])
                                                      0.114     2.104 r  bd_0_i/hls_inst/inst/output_subtracao[16]_INST_0/CO[3]
                         net (fo=1, routed)           0.000     2.104    bd_0_i/hls_inst/inst/output_subtracao[16]_INST_0_n_0
    SLICE_X27Y51         CARRY4 (Prop_carry4_CI_CO[3])
                                                      0.114     2.218 r  bd_0_i/hls_inst/inst/output_subtracao[20]_INST_0/CO[3]
                         net (fo=1, routed)           0.000     2.218    bd_0_i/hls_inst/inst/output_subtracao[20]_INST_0_n_0
    SLICE_X27Y52         CARRY4 (Prop_carry4_CI_CO[3])
                                                      0.114     2.332 r  bd_0_i/hls_inst/inst/output_subtracao[24]_INST_0/CO[3]
                         net (fo=1, routed)           0.000     2.332    bd_0_i/hls_inst/inst/output_subtracao[24]_INST_0_n_0
    SLICE_X27Y53         CARRY4 (Prop_carry4_CI_O[0])
                                                      0.222     2.554 r  bd_0_i/hls_inst/inst/output_subtracao[28]_INST_0/O[0]
                         net (fo=0)                   0.973     3.527    output_subtracao[28]
                                                                      r  output_subtracao[28] (OUT)
  -------------------------------------------------------------------    -------------------

                         max delay                   10.000    10.000    
                         clock pessimism              0.000    10.000    
                         output delay                -0.000    10.000    
  -------------------------------------------------------------------
                         required time                         10.000    
                         arrival time                          -3.527    
  -------------------------------------------------------------------
                         slack                                  6.473    

Slack (MET) :             6.473ns  (required time - arrival time)
  Source:                 input_a_soma[1]
                            (input port)
  Destination:            output_soma[28]
  Path Group:             **default**
  Path Type:              Max at Slow Process Corner
  Requirement:            10.000ns  (MaxDelay Path 10.000ns)
  Data Path Delay:        3.527ns  (logic 1.580ns (44.801%)  route 1.947ns (55.199%))
  Logic Levels:           9  (CARRY4=8 LUT2=1)
  Output Delay:           0.000ns
  Timing Exception:       MaxDelay Path 10.000ns

    Location             Delay type                Incr(ns)  Path(ns)    Netlist Resource(s)
  -------------------------------------------------------------------    -------------------
                                                      0.000     0.000 r  input_a_soma[1] (IN)
                         net (fo=0)                   0.973     0.973    bd_0_i/hls_inst/inst/input_a_soma[1]
    SLICE_X26Y48         LUT2 (Prop_lut2_I1_O)        0.124     1.097 r  bd_0_i/hls_inst/inst/output_soma[0]_INST_0_i_3/O
                         net (fo=1, routed)           0.000     1.097    bd_0_i/hls_inst/inst/output_soma[0]_INST_0_i_3_n_0
    SLICE_X26Y48         CARRY4 (Prop_carry4_S[1]_CO[3])
                                                      0.550     1.647 r  bd_0_i/hls_inst/inst/output_soma[0]_INST_0/CO[3]
                         net (fo=1, routed)           0.000     1.647    bd_0_i/hls_inst/inst/output_soma[0]_INST_0_n_0
    SLICE_X26Y49         CARRY4 (Prop_carry4_CI_CO[3])
                                                      0.114     1.761 r  bd_0_i/hls_inst/inst/output_soma[4]_INST_0/CO[3]
                         net (fo=1, routed)           0.001     1.762    bd_0_i/hls_inst/inst/output_soma[4]_INST_0_n_0
    SLICE_X26Y50         CARRY4 (Prop_carry4_CI_CO[3])
                                                      0.114     1.876 r  bd_0_i/hls_inst/inst/output_soma[8]_INST_0/CO[3]
                         net (fo=1, routed)           0.000     1.876    bd_0_i/hls_inst/inst/output_soma[8]_INST_0_n_0
    SLICE_X26Y51         CARRY4 (Prop_carry4_CI_CO[3])
                                                      0.114     1.990 r  bd_0_i/hls_inst/inst/output_soma[12]_INST_0/CO[3]
                         net (fo=1, routed)           0.000     1.990    bd_0_i/hls_inst/inst/output_soma[12]_INST_0_n_0
    SLICE_X26Y52         CARRY4 (Prop_carry4_CI_CO[3])
                                                      0.114     2.104 r  bd_0_i/hls_inst/inst/output_soma[16]_INST_0/CO[3]
                         net (fo=1, routed)           0.000     2.104    bd_0_i/hls_inst/inst/output_soma[16]_INST_0_n_0
    SLICE_X26Y53         CARRY4 (Prop_carry4_CI_CO[3])
                                                      0.114     2.218 r  bd_0_i/hls_inst/inst/output_soma[20]_INST_0/CO[3]
                         net (fo=1, routed)           0.000     2.218    bd_0_i/hls_inst/inst/output_soma[20]_INST_0_n_0
    SLICE_X26Y54         CARRY4 (Prop_carry4_CI_CO[3])
                                                      0.114     2.332 r  bd_0_i/hls_inst/inst/output_soma[24]_INST_0/CO[3]
                         net (fo=1, routed)           0.000     2.332    bd_0_i/hls_inst/inst/output_soma[24]_INST_0_n_0
    SLICE_X26Y55         CARRY4 (Prop_carry4_CI_O[0])
                                                      0.222     2.554 r  bd_0_i/hls_inst/inst/output_soma[28]_INST_0/O[0]
                         net (fo=0)                   0.973     3.527    output_soma[28]
                                                                      r  output_soma[28] (OUT)
  -------------------------------------------------------------------    -------------------

                         max delay                   10.000    10.000    
                         clock pessimism              0.000    10.000    
                         output delay                -0.000    10.000    
  -------------------------------------------------------------------
                         required time                         10.000    
                         arrival time                          -3.527    
  -------------------------------------------------------------------
                         slack                                  6.473    

Slack (MET) :             6.475ns  (required time - arrival time)
  Source:                 input_a_soma[1]
                            (input port)
  Destination:            output_soma[25]
  Path Group:             **default**
  Path Type:              Max at Slow Process Corner
  Requirement:            10.000ns  (MaxDelay Path 10.000ns)
  Data Path Delay:        3.525ns  (logic 1.578ns (44.770%)  route 1.947ns (55.230%))
  Logic Levels:           8  (CARRY4=7 LUT2=1)
  Output Delay:           0.000ns
  Timing Exception:       MaxDelay Path 10.000ns

    Location             Delay type                Incr(ns)  Path(ns)    Netlist Resource(s)
  -------------------------------------------------------------------    -------------------
                                                      0.000     0.000 r  input_a_soma[1] (IN)
                         net (fo=0)                   0.973     0.973    bd_0_i/hls_inst/inst/input_a_soma[1]
    SLICE_X26Y48         LUT2 (Prop_lut2_I1_O)        0.124     1.097 r  bd_0_i/hls_inst/inst/output_soma[0]_INST_0_i_3/O
                         net (fo=1, routed)           0.000     1.097    bd_0_i/hls_inst/inst/output_soma[0]_INST_0_i_3_n_0
    SLICE_X26Y48         CARRY4 (Prop_carry4_S[1]_CO[3])
                                                      0.550     1.647 r  bd_0_i/hls_inst/inst/output_soma[0]_INST_0/CO[3]
                         net (fo=1, routed)           0.000     1.647    bd_0_i/hls_inst/inst/output_soma[0]_INST_0_n_0
    SLICE_X26Y49         CARRY4 (Prop_carry4_CI_CO[3])
                                                      0.114     1.761 r  bd_0_i/hls_inst/inst/output_soma[4]_INST_0/CO[3]
                         net (fo=1, routed)           0.001     1.762    bd_0_i/hls_inst/inst/output_soma[4]_INST_0_n_0
    SLICE_X26Y50         CARRY4 (Prop_carry4_CI_CO[3])
                                                      0.114     1.876 r  bd_0_i/hls_inst/inst/output_soma[8]_INST_0/CO[3]
                         net (fo=1, routed)           0.000     1.876    bd_0_i/hls_inst/inst/output_soma[8]_INST_0_n_0
    SLICE_X26Y51         CARRY4 (Prop_carry4_CI_CO[3])
                                                      0.114     1.990 r  bd_0_i/hls_inst/inst/output_soma[12]_INST_0/CO[3]
                         net (fo=1, routed)           0.000     1.990    bd_0_i/hls_inst/inst/output_soma[12]_INST_0_n_0
    SLICE_X26Y52         CARRY4 (Prop_carry4_CI_CO[3])
                                                      0.114     2.104 r  bd_0_i/hls_inst/inst/output_soma[16]_INST_0/CO[3]
                         net (fo=1, routed)           0.000     2.104    bd_0_i/hls_inst/inst/output_soma[16]_INST_0_n_0
    SLICE_X26Y53         CARRY4 (Prop_carry4_CI_CO[3])
                                                      0.114     2.218 r  bd_0_i/hls_inst/inst/output_soma[20]_INST_0/CO[3]
                         net (fo=1, routed)           0.000     2.218    bd_0_i/hls_inst/inst/output_soma[20]_INST_0_n_0
    SLICE_X26Y54         CARRY4 (Prop_carry4_CI_O[1])
                                                      0.334     2.552 r  bd_0_i/hls_inst/inst/output_soma[24]_INST_0/O[1]
                         net (fo=0)                   0.973     3.525    output_soma[25]
                                                                      r  output_soma[25] (OUT)
  -------------------------------------------------------------------    -------------------

                         max delay                   10.000    10.000    
                         clock pessimism              0.000    10.000    
                         output delay                -0.000    10.000    
  -------------------------------------------------------------------
                         required time                         10.000    
                         arrival time                          -3.525    
  -------------------------------------------------------------------
                         slack                                  6.475    

Slack (MET) :             6.475ns  (required time - arrival time)
  Source:                 input_b_sub[1]
                            (input port)
  Destination:            output_subtracao[25]
  Path Group:             **default**
  Path Type:              Max at Slow Process Corner
  Requirement:            10.000ns  (MaxDelay Path 10.000ns)
  Data Path Delay:        3.525ns  (logic 1.578ns (44.770%)  route 1.947ns (55.230%))
  Logic Levels:           8  (CARRY4=7 LUT2=1)
  Output Delay:           0.000ns
  Timing Exception:       MaxDelay Path 10.000ns

    Location             Delay type                Incr(ns)  Path(ns)    Netlist Resource(s)
  -------------------------------------------------------------------    -------------------
                                                      0.000     0.000 r  input_b_sub[1] (IN)
                         net (fo=0)                   0.973     0.973    bd_0_i/hls_inst/inst/input_b_sub[1]
    SLICE_X27Y46         LUT2 (Prop_lut2_I1_O)        0.124     1.097 r  bd_0_i/hls_inst/inst/output_subtracao[0]_INST_0_i_3/O
                         net (fo=1, routed)           0.000     1.097    bd_0_i/hls_inst/inst/output_subtracao[0]_INST_0_i_3_n_0
    SLICE_X27Y46         CARRY4 (Prop_carry4_S[1]_CO[3])
                                                      0.550     1.647 r  bd_0_i/hls_inst/inst/output_subtracao[0]_INST_0/CO[3]
                         net (fo=1, routed)           0.000     1.647    bd_0_i/hls_inst/inst/output_subtracao[0]_INST_0_n_0
    SLICE_X27Y47         CARRY4 (Prop_carry4_CI_CO[3])
                                                      0.114     1.761 r  bd_0_i/hls_inst/inst/output_subtracao[4]_INST_0/CO[3]
                         net (fo=1, routed)           0.000     1.761    bd_0_i/hls_inst/inst/output_subtracao[4]_INST_0_n_0
    SLICE_X27Y48         CARRY4 (Prop_carry4_CI_CO[3])
                                                      0.114     1.875 r  bd_0_i/hls_inst/inst/output_subtracao[8]_INST_0/CO[3]
                         net (fo=1, routed)           0.000     1.875    bd_0_i/hls_inst/inst/output_subtracao[8]_INST_0_n_0
    SLICE_X27Y49         CARRY4 (Prop_carry4_CI_CO[3])
                                                      0.114     1.989 r  bd_0_i/hls_inst/inst/output_subtracao[12]_INST_0/CO[3]
                         net (fo=1, routed)           0.001     1.990    bd_0_i/hls_inst/inst/output_subtracao[12]_INST_0_n_0
    SLICE_X27Y50         CARRY4 (Prop_carry4_CI_CO[3])
                                                      0.114     2.104 r  bd_0_i/hls_inst/inst/output_subtracao[16]_INST_0/CO[3]
                         net (fo=1, routed)           0.000     2.104    bd_0_i/hls_inst/inst/output_subtracao[16]_INST_0_n_0
    SLICE_X27Y51         CARRY4 (Prop_carry4_CI_CO[3])
                                                      0.114     2.218 r  bd_0_i/hls_inst/inst/output_subtracao[20]_INST_0/CO[3]
                         net (fo=1, routed)           0.000     2.218    bd_0_i/hls_inst/inst/output_subtracao[20]_INST_0_n_0
    SLICE_X27Y52         CARRY4 (Prop_carry4_CI_O[1])
                                                      0.334     2.552 r  bd_0_i/hls_inst/inst/output_subtracao[24]_INST_0/O[1]
                         net (fo=0)                   0.973     3.525    output_subtracao[25]
                                                                      r  output_subtracao[25] (OUT)
  -------------------------------------------------------------------    -------------------

                         max delay                   10.000    10.000    
                         clock pessimism              0.000    10.000    
                         output delay                -0.000    10.000    
  -------------------------------------------------------------------
                         required time                         10.000    
                         arrival time                          -3.525    
  -------------------------------------------------------------------
                         slack                                  6.475    




