Copyright 1986-2022 Xilinx, Inc. All Rights Reserved. Copyright 2022-2024 Advanced Micro Devices, Inc. All Rights Reserved.
---------------------------------------------------------------------------------------------------------------------------------------------
| Tool Version : Vivado v.2024.2 (win64) Build 5239630 Fri Nov 08 22:35:27 MST 2024
| Date         : Wed Jun  4 18:05:13 2025
| Host         : DESKTOP-8L9PMU5 running 64-bit major release  (build 9200)
| Command      : report_timing -max_paths 10 -file ./report/top_function_timing_paths_synth.rpt
| Design       : bd_0_wrapper
| Device       : 7z007s-clg400
| Speed File   : -1  PRODUCTION 1.12 2019-11-22
| Design State : Synthesized
---------------------------------------------------------------------------------------------------------------------------------------------

Timing Report

Slack (MET) :             6.358ns  (required time - arrival time)
  Source:                 input_a_soma[1]
                            (input port)
  Destination:            output_soma[29]
  Path Group:             **default**
  Path Type:              Max at Slow Process Corner
  Requirement:            10.000ns  (MaxDelay Path 10.000ns)
  Data Path Delay:        3.642ns  (logic 1.696ns (46.568%)  route 1.946ns (53.432%))
  Logic Levels:           9  (CARRY4=8 LUT2=1)
  Output Delay:           0.000ns
  Timing Exception:       MaxDelay Path 10.000ns

    Location             Delay type                Incr(ns)  Path(ns)    Netlist Resource(s)
  -------------------------------------------------------------------    -------------------
                                                      0.000     0.000 r  input_a_soma[1] (IN)
                         net (fo=0)                   0.973     0.973    bd_0_i/hls_inst/inst/input_a_soma[1]
                         LUT2 (Prop_lut2_I1_O)        0.124     1.097 r  bd_0_i/hls_inst/inst/output_soma[0]_INST_0_i_3/O
                         net (fo=1, unplaced)         0.000     1.097    bd_0_i/hls_inst/inst/output_soma[0]_INST_0_i_3_n_0
                         CARRY4 (Prop_carry4_S[1]_CO[3])
                                                      0.533     1.630 r  bd_0_i/hls_inst/inst/output_soma[0]_INST_0/CO[3]
                         net (fo=1, unplaced)         0.000     1.630    bd_0_i/hls_inst/inst/output_soma[0]_INST_0_n_0
                         CARRY4 (Prop_carry4_CI_CO[3])
                                                      0.117     1.747 r  bd_0_i/hls_inst/inst/output_soma[4]_INST_0/CO[3]
                         net (fo=1, unplaced)         0.000     1.747    bd_0_i/hls_inst/inst/output_soma[4]_INST_0_n_0
                         CARRY4 (Prop_carry4_CI_CO[3])
                                                      0.117     1.864 r  bd_0_i/hls_inst/inst/output_soma[8]_INST_0/CO[3]
                         net (fo=1, unplaced)         0.000     1.864    bd_0_i/hls_inst/inst/output_soma[8]_INST_0_n_0
                         CARRY4 (Prop_carry4_CI_CO[3])
                                                      0.117     1.981 r  bd_0_i/hls_inst/inst/output_soma[12]_INST_0/CO[3]
                         net (fo=1, unplaced)         0.000     1.981    bd_0_i/hls_inst/inst/output_soma[12]_INST_0_n_0
                         CARRY4 (Prop_carry4_CI_CO[3])
                                                      0.117     2.098 r  bd_0_i/hls_inst/inst/output_soma[16]_INST_0/CO[3]
                         net (fo=1, unplaced)         0.000     2.098    bd_0_i/hls_inst/inst/output_soma[16]_INST_0_n_0
                         CARRY4 (Prop_carry4_CI_CO[3])
                                                      0.117     2.215 r  bd_0_i/hls_inst/inst/output_soma[20]_INST_0/CO[3]
                         net (fo=1, unplaced)         0.000     2.215    bd_0_i/hls_inst/inst/output_soma[20]_INST_0_n_0
                         CARRY4 (Prop_carry4_CI_CO[3])
                                                      0.117     2.332 r  bd_0_i/hls_inst/inst/output_soma[24]_INST_0/CO[3]
                         net (fo=1, unplaced)         0.000     2.332    bd_0_i/hls_inst/inst/output_soma[24]_INST_0_n_0
                         CARRY4 (Prop_carry4_CI_O[1])
                                                      0.337     2.669 r  bd_0_i/hls_inst/inst/output_soma[28]_INST_0/O[1]
                         net (fo=0)                   0.973     3.642    output_soma[29]
                                                                      r  output_soma[29] (OUT)
  -------------------------------------------------------------------    -------------------

                         max delay                   10.000    10.000    
                         clock pessimism              0.000    10.000    
                         output delay                -0.000    10.000    
  -------------------------------------------------------------------
                         required time                         10.000    
                         arrival time                          -3.642    
  -------------------------------------------------------------------
                         slack                                  6.358    

Slack (MET) :             6.358ns  (required time - arrival time)
  Source:                 input_b_sub[1]
                            (input port)
  Destination:            output_subtracao[29]
  Path Group:             **default**
  Path Type:              Max at Slow Process Corner
  Requirement:            10.000ns  (MaxDelay Path 10.000ns)
  Data Path Delay:        3.642ns  (logic 1.696ns (46.568%)  route 1.946ns (53.432%))
  Logic Levels:           9  (CARRY4=8 LUT2=1)
  Output Delay:           0.000ns
  Timing Exception:       MaxDelay Path 10.000ns

    Location             Delay type                Incr(ns)  Path(ns)    Netlist Resource(s)
  -------------------------------------------------------------------    -------------------
                                                      0.000     0.000 r  input_b_sub[1] (IN)
                         net (fo=0)                   0.973     0.973    bd_0_i/hls_inst/inst/input_b_sub[1]
                         LUT2 (Prop_lut2_I1_O)        0.124     1.097 r  bd_0_i/hls_inst/inst/output_subtracao[0]_INST_0_i_3/O
                         net (fo=1, unplaced)         0.000     1.097    bd_0_i/hls_inst/inst/output_subtracao[0]_INST_0_i_3_n_0
                         CARRY4 (Prop_carry4_S[1]_CO[3])
                                                      0.533     1.630 r  bd_0_i/hls_inst/inst/output_subtracao[0]_INST_0/CO[3]
                         net (fo=1, unplaced)         0.000     1.630    bd_0_i/hls_inst/inst/output_subtracao[0]_INST_0_n_0
                         CARRY4 (Prop_carry4_CI_CO[3])
                                                      0.117     1.747 r  bd_0_i/hls_inst/inst/output_subtracao[4]_INST_0/CO[3]
                         net (fo=1, unplaced)         0.000     1.747    bd_0_i/hls_inst/inst/output_subtracao[4]_INST_0_n_0
                         CARRY4 (Prop_carry4_CI_CO[3])
                                                      0.117     1.864 r  bd_0_i/hls_inst/inst/output_subtracao[8]_INST_0/CO[3]
                         net (fo=1, unplaced)         0.000     1.864    bd_0_i/hls_inst/inst/output_subtracao[8]_INST_0_n_0
                         CARRY4 (Prop_carry4_CI_CO[3])
                                                      0.117     1.981 r  bd_0_i/hls_inst/inst/output_subtracao[12]_INST_0/CO[3]
                         net (fo=1, unplaced)         0.000     1.981    bd_0_i/hls_inst/inst/output_subtracao[12]_INST_0_n_0
                         CARRY4 (Prop_carry4_CI_CO[3])
                                                      0.117     2.098 r  bd_0_i/hls_inst/inst/output_subtracao[16]_INST_0/CO[3]
                         net (fo=1, unplaced)         0.000     2.098    bd_0_i/hls_inst/inst/output_subtracao[16]_INST_0_n_0
                         CARRY4 (Prop_carry4_CI_CO[3])
                                                      0.117     2.215 r  bd_0_i/hls_inst/inst/output_subtracao[20]_INST_0/CO[3]
                         net (fo=1, unplaced)         0.000     2.215    bd_0_i/hls_inst/inst/output_subtracao[20]_INST_0_n_0
                         CARRY4 (Prop_carry4_CI_CO[3])
                                                      0.117     2.332 r  bd_0_i/hls_inst/inst/output_subtracao[24]_INST_0/CO[3]
                         net (fo=1, unplaced)         0.000     2.332    bd_0_i/hls_inst/inst/output_subtracao[24]_INST_0_n_0
                         CARRY4 (Prop_carry4_CI_O[1])
                                                      0.337     2.669 r  bd_0_i/hls_inst/inst/output_subtracao[28]_INST_0/O[1]
                         net (fo=0)                   0.973     3.642    output_subtracao[29]
                                                                      r  output_subtracao[29] (OUT)
  -------------------------------------------------------------------    -------------------

                         max delay                   10.000    10.000    
                         clock pessimism              0.000    10.000    
                         output delay                -0.000    10.000    
  -------------------------------------------------------------------
                         required time                         10.000    
                         arrival time                          -3.642    
  -------------------------------------------------------------------
                         slack                                  6.358    

Slack (MET) :             6.364ns  (required time - arrival time)
  Source:                 input_a_soma[1]
                            (input port)
  Destination:            output_soma[31]
  Path Group:             **default**
  Path Type:              Max at Slow Process Corner
  Requirement:            10.000ns  (MaxDelay Path 10.000ns)
  Data Path Delay:        3.636ns  (logic 1.690ns (46.480%)  route 1.946ns (53.520%))
  Logic Levels:           9  (CARRY4=8 LUT2=1)
  Output Delay:           0.000ns
  Timing Exception:       MaxDelay Path 10.000ns

    Location             Delay type                Incr(ns)  Path(ns)    Netlist Resource(s)
  -------------------------------------------------------------------    -------------------
                                                      0.000     0.000 r  input_a_soma[1] (IN)
                         net (fo=0)                   0.973     0.973    bd_0_i/hls_inst/inst/input_a_soma[1]
                         LUT2 (Prop_lut2_I1_O)        0.124     1.097 r  bd_0_i/hls_inst/inst/output_soma[0]_INST_0_i_3/O
                         net (fo=1, unplaced)         0.000     1.097    bd_0_i/hls_inst/inst/output_soma[0]_INST_0_i_3_n_0
                         CARRY4 (Prop_carry4_S[1]_CO[3])
                                                      0.533     1.630 r  bd_0_i/hls_inst/inst/output_soma[0]_INST_0/CO[3]
                         net (fo=1, unplaced)         0.000     1.630    bd_0_i/hls_inst/inst/output_soma[0]_INST_0_n_0
                         CARRY4 (Prop_carry4_CI_CO[3])
                                                      0.117     1.747 r  bd_0_i/hls_inst/inst/output_soma[4]_INST_0/CO[3]
                         net (fo=1, unplaced)         0.000     1.747    bd_0_i/hls_inst/inst/output_soma[4]_INST_0_n_0
                         CARRY4 (Prop_carry4_CI_CO[3])
                                                      0.117     1.864 r  bd_0_i/hls_inst/inst/output_soma[8]_INST_0/CO[3]
                         net (fo=1, unplaced)         0.000     1.864    bd_0_i/hls_inst/inst/output_soma[8]_INST_0_n_0
                         CARRY4 (Prop_carry4_CI_CO[3])
                                                      0.117     1.981 r  bd_0_i/hls_inst/inst/output_soma[12]_INST_0/CO[3]
                         net (fo=1, unplaced)         0.000     1.981    bd_0_i/hls_inst/inst/output_soma[12]_INST_0_n_0
                         CARRY4 (Prop_carry4_CI_CO[3])
                                                      0.117     2.098 r  bd_0_i/hls_inst/inst/output_soma[16]_INST_0/CO[3]
                         net (fo=1, unplaced)         0.000     2.098    bd_0_i/hls_inst/inst/output_soma[16]_INST_0_n_0
                         CARRY4 (Prop_carry4_CI_CO[3])
                                                      0.117     2.215 r  bd_0_i/hls_inst/inst/output_soma[20]_INST_0/CO[3]
                         net (fo=1, unplaced)         0.000     2.215    bd_0_i/hls_inst/inst/output_soma[20]_INST_0_n_0
                         CARRY4 (Prop_carry4_CI_CO[3])
                                                      0.117     2.332 r  bd_0_i/hls_inst/inst/output_soma[24]_INST_0/CO[3]
                         net (fo=1, unplaced)         0.000     2.332    bd_0_i/hls_inst/inst/output_soma[24]_INST_0_n_0
                         CARRY4 (Prop_carry4_CI_O[3])
                                                      0.331     2.663 r  bd_0_i/hls_inst/inst/output_soma[28]_INST_0/O[3]
                         net (fo=0)                   0.973     3.636    output_soma[31]
                                                                      r  output_soma[31] (OUT)
  -------------------------------------------------------------------    -------------------

                         max delay                   10.000    10.000    
                         clock pessimism              0.000    10.000    
                         output delay                -0.000    10.000    
  -------------------------------------------------------------------
                         required time                         10.000    
                         arrival time                          -3.636    
  -------------------------------------------------------------------
                         slack                                  6.364    

Slack (MET) :             6.364ns  (required time - arrival time)
  Source:                 input_b_sub[1]
                            (input port)
  Destination:            output_subtracao[31]
  Path Group:             **default**
  Path Type:              Max at Slow Process Corner
  Requirement:            10.000ns  (MaxDelay Path 10.000ns)
  Data Path Delay:        3.636ns  (logic 1.690ns (46.480%)  route 1.946ns (53.520%))
  Logic Levels:           9  (CARRY4=8 LUT2=1)
  Output Delay:           0.000ns
  Timing Exception:       MaxDelay Path 10.000ns

    Location             Delay type                Incr(ns)  Path(ns)    Netlist Resource(s)
  -------------------------------------------------------------------    -------------------
                                                      0.000     0.000 r  input_b_sub[1] (IN)
                         net (fo=0)                   0.973     0.973    bd_0_i/hls_inst/inst/input_b_sub[1]
                         LUT2 (Prop_lut2_I1_O)        0.124     1.097 r  bd_0_i/hls_inst/inst/output_subtracao[0]_INST_0_i_3/O
                         net (fo=1, unplaced)         0.000     1.097    bd_0_i/hls_inst/inst/output_subtracao[0]_INST_0_i_3_n_0
                         CARRY4 (Prop_carry4_S[1]_CO[3])
                                                      0.533     1.630 r  bd_0_i/hls_inst/inst/output_subtracao[0]_INST_0/CO[3]
                         net (fo=1, unplaced)         0.000     1.630    bd_0_i/hls_inst/inst/output_subtracao[0]_INST_0_n_0
                         CARRY4 (Prop_carry4_CI_CO[3])
                                                      0.117     1.747 r  bd_0_i/hls_inst/inst/output_subtracao[4]_INST_0/CO[3]
                         net (fo=1, unplaced)         0.000     1.747    bd_0_i/hls_inst/inst/output_subtracao[4]_INST_0_n_0
                         CARRY4 (Prop_carry4_CI_CO[3])
                                                      0.117     1.864 r  bd_0_i/hls_inst/inst/output_subtracao[8]_INST_0/CO[3]
                         net (fo=1, unplaced)         0.000     1.864    bd_0_i/hls_inst/inst/output_subtracao[8]_INST_0_n_0
                         CARRY4 (Prop_carry4_CI_CO[3])
                                                      0.117     1.981 r  bd_0_i/hls_inst/inst/output_subtracao[12]_INST_0/CO[3]
                         net (fo=1, unplaced)         0.000     1.981    bd_0_i/hls_inst/inst/output_subtracao[12]_INST_0_n_0
                         CARRY4 (Prop_carry4_CI_CO[3])
                                                      0.117     2.098 r  bd_0_i/hls_inst/inst/output_subtracao[16]_INST_0/CO[3]
                         net (fo=1, unplaced)         0.000     2.098    bd_0_i/hls_inst/inst/output_subtracao[16]_INST_0_n_0
                         CARRY4 (Prop_carry4_CI_CO[3])
                                                      0.117     2.215 r  bd_0_i/hls_inst/inst/output_subtracao[20]_INST_0/CO[3]
                         net (fo=1, unplaced)         0.000     2.215    bd_0_i/hls_inst/inst/output_subtracao[20]_INST_0_n_0
                         CARRY4 (Prop_carry4_CI_CO[3])
                                                      0.117     2.332 r  bd_0_i/hls_inst/inst/output_subtracao[24]_INST_0/CO[3]
                         net (fo=1, unplaced)         0.000     2.332    bd_0_i/hls_inst/inst/output_subtracao[24]_INST_0_n_0
                         CARRY4 (Prop_carry4_CI_O[3])
                                                      0.331     2.663 r  bd_0_i/hls_inst/inst/output_subtracao[28]_INST_0/O[3]
                         net (fo=0)                   0.973     3.636    output_subtracao[31]
                                                                      r  output_subtracao[31] (OUT)
  -------------------------------------------------------------------    -------------------

                         max delay                   10.000    10.000    
                         clock pessimism              0.000    10.000    
                         output delay                -0.000    10.000    
  -------------------------------------------------------------------
                         required time                         10.000    
                         arrival time                          -3.636    
  -------------------------------------------------------------------
                         slack                                  6.364    

Slack (MET) :             6.439ns  (required time - arrival time)
  Source:                 input_a_soma[1]
                            (input port)
  Destination:            output_soma[30]
  Path Group:             **default**
  Path Type:              Max at Slow Process Corner
  Requirement:            10.000ns  (MaxDelay Path 10.000ns)
  Data Path Delay:        3.561ns  (logic 1.615ns (45.352%)  route 1.946ns (54.648%))
  Logic Levels:           9  (CARRY4=8 LUT2=1)
  Output Delay:           0.000ns
  Timing Exception:       MaxDelay Path 10.000ns

    Location             Delay type                Incr(ns)  Path(ns)    Netlist Resource(s)
  -------------------------------------------------------------------    -------------------
                                                      0.000     0.000 r  input_a_soma[1] (IN)
                         net (fo=0)                   0.973     0.973    bd_0_i/hls_inst/inst/input_a_soma[1]
                         LUT2 (Prop_lut2_I1_O)        0.124     1.097 r  bd_0_i/hls_inst/inst/output_soma[0]_INST_0_i_3/O
                         net (fo=1, unplaced)         0.000     1.097    bd_0_i/hls_inst/inst/output_soma[0]_INST_0_i_3_n_0
                         CARRY4 (Prop_carry4_S[1]_CO[3])
                                                      0.533     1.630 r  bd_0_i/hls_inst/inst/output_soma[0]_INST_0/CO[3]
                         net (fo=1, unplaced)         0.000     1.630    bd_0_i/hls_inst/inst/output_soma[0]_INST_0_n_0
                         CARRY4 (Prop_carry4_CI_CO[3])
                                                      0.117     1.747 r  bd_0_i/hls_inst/inst/output_soma[4]_INST_0/CO[3]
                         net (fo=1, unplaced)         0.000     1.747    bd_0_i/hls_inst/inst/output_soma[4]_INST_0_n_0
                         CARRY4 (Prop_carry4_CI_CO[3])
                                                      0.117     1.864 r  bd_0_i/hls_inst/inst/output_soma[8]_INST_0/CO[3]
                         net (fo=1, unplaced)         0.000     1.864    bd_0_i/hls_inst/inst/output_soma[8]_INST_0_n_0
                         CARRY4 (Prop_carry4_CI_CO[3])
                                                      0.117     1.981 r  bd_0_i/hls_inst/inst/output_soma[12]_INST_0/CO[3]
                         net (fo=1, unplaced)         0.000     1.981    bd_0_i/hls_inst/inst/output_soma[12]_INST_0_n_0
                         CARRY4 (Prop_carry4_CI_CO[3])
                                                      0.117     2.098 r  bd_0_i/hls_inst/inst/output_soma[16]_INST_0/CO[3]
                         net (fo=1, unplaced)         0.000     2.098    bd_0_i/hls_inst/inst/output_soma[16]_INST_0_n_0
                         CARRY4 (Prop_carry4_CI_CO[3])
                                                      0.117     2.215 r  bd_0_i/hls_inst/inst/output_soma[20]_INST_0/CO[3]
                         net (fo=1, unplaced)         0.000     2.215    bd_0_i/hls_inst/inst/output_soma[20]_INST_0_n_0
                         CARRY4 (Prop_carry4_CI_CO[3])
                                                      0.117     2.332 r  bd_0_i/hls_inst/inst/output_soma[24]_INST_0/CO[3]
                         net (fo=1, unplaced)         0.000     2.332    bd_0_i/hls_inst/inst/output_soma[24]_INST_0_n_0
                         CARRY4 (Prop_carry4_CI_O[2])
                                                      0.256     2.588 r  bd_0_i/hls_inst/inst/output_soma[28]_INST_0/O[2]
                         net (fo=0)                   0.973     3.561    output_soma[30]
                                                                      r  output_soma[30] (OUT)
  -------------------------------------------------------------------    -------------------

                         max delay                   10.000    10.000    
                         clock pessimism              0.000    10.000    
                         output delay                -0.000    10.000    
  -------------------------------------------------------------------
                         required time                         10.000    
                         arrival time                          -3.561    
  -------------------------------------------------------------------
                         slack                                  6.439    

Slack (MET) :             6.439ns  (required time - arrival time)
  Source:                 input_b_sub[1]
                            (input port)
  Destination:            output_subtracao[30]
  Path Group:             **default**
  Path Type:              Max at Slow Process Corner
  Requirement:            10.000ns  (MaxDelay Path 10.000ns)
  Data Path Delay:        3.561ns  (logic 1.615ns (45.352%)  route 1.946ns (54.648%))
  Logic Levels:           9  (CARRY4=8 LUT2=1)
  Output Delay:           0.000ns
  Timing Exception:       MaxDelay Path 10.000ns

    Location             Delay type                Incr(ns)  Path(ns)    Netlist Resource(s)
  -------------------------------------------------------------------    -------------------
                                                      0.000     0.000 r  input_b_sub[1] (IN)
                         net (fo=0)                   0.973     0.973    bd_0_i/hls_inst/inst/input_b_sub[1]
                         LUT2 (Prop_lut2_I1_O)        0.124     1.097 r  bd_0_i/hls_inst/inst/output_subtracao[0]_INST_0_i_3/O
                         net (fo=1, unplaced)         0.000     1.097    bd_0_i/hls_inst/inst/output_subtracao[0]_INST_0_i_3_n_0
                         CARRY4 (Prop_carry4_S[1]_CO[3])
                                                      0.533     1.630 r  bd_0_i/hls_inst/inst/output_subtracao[0]_INST_0/CO[3]
                         net (fo=1, unplaced)         0.000     1.630    bd_0_i/hls_inst/inst/output_subtracao[0]_INST_0_n_0
                         CARRY4 (Prop_carry4_CI_CO[3])
                                                      0.117     1.747 r  bd_0_i/hls_inst/inst/output_subtracao[4]_INST_0/CO[3]
                         net (fo=1, unplaced)         0.000     1.747    bd_0_i/hls_inst/inst/output_subtracao[4]_INST_0_n_0
                         CARRY4 (Prop_carry4_CI_CO[3])
                                                      0.117     1.864 r  bd_0_i/hls_inst/inst/output_subtracao[8]_INST_0/CO[3]
                         net (fo=1, unplaced)         0.000     1.864    bd_0_i/hls_inst/inst/output_subtracao[8]_INST_0_n_0
                         CARRY4 (Prop_carry4_CI_CO[3])
                                                      0.117     1.981 r  bd_0_i/hls_inst/inst/output_subtracao[12]_INST_0/CO[3]
                         net (fo=1, unplaced)         0.000     1.981    bd_0_i/hls_inst/inst/output_subtracao[12]_INST_0_n_0
                         CARRY4 (Prop_carry4_CI_CO[3])
                                                      0.117     2.098 r  bd_0_i/hls_inst/inst/output_subtracao[16]_INST_0/CO[3]
                         net (fo=1, unplaced)         0.000     2.098    bd_0_i/hls_inst/inst/output_subtracao[16]_INST_0_n_0
                         CARRY4 (Prop_carry4_CI_CO[3])
                                                      0.117     2.215 r  bd_0_i/hls_inst/inst/output_subtracao[20]_INST_0/CO[3]
                         net (fo=1, unplaced)         0.000     2.215    bd_0_i/hls_inst/inst/output_subtracao[20]_INST_0_n_0
                         CARRY4 (Prop_carry4_CI_CO[3])
                                                      0.117     2.332 r  bd_0_i/hls_inst/inst/output_subtracao[24]_INST_0/CO[3]
                         net (fo=1, unplaced)         0.000     2.332    bd_0_i/hls_inst/inst/output_subtracao[24]_INST_0_n_0
                         CARRY4 (Prop_carry4_CI_O[2])
                                                      0.256     2.588 r  bd_0_i/hls_inst/inst/output_subtracao[28]_INST_0/O[2]
                         net (fo=0)                   0.973     3.561    output_subtracao[30]
                                                                      r  output_subtracao[30] (OUT)
  -------------------------------------------------------------------    -------------------

                         max delay                   10.000    10.000    
                         clock pessimism              0.000    10.000    
                         output delay                -0.000    10.000    
  -------------------------------------------------------------------
                         required time                         10.000    
                         arrival time                          -3.561    
  -------------------------------------------------------------------
                         slack                                  6.439    

Slack (MET) :             6.463ns  (required time - arrival time)
  Source:                 input_a_soma[1]
                            (input port)
  Destination:            output_soma[28]
  Path Group:             **default**
  Path Type:              Max at Slow Process Corner
  Requirement:            10.000ns  (MaxDelay Path 10.000ns)
  Data Path Delay:        3.537ns  (logic 1.591ns (44.982%)  route 1.946ns (55.018%))
  Logic Levels:           9  (CARRY4=8 LUT2=1)
  Output Delay:           0.000ns
  Timing Exception:       MaxDelay Path 10.000ns

    Location             Delay type                Incr(ns)  Path(ns)    Netlist Resource(s)
  -------------------------------------------------------------------    -------------------
                                                      0.000     0.000 r  input_a_soma[1] (IN)
                         net (fo=0)                   0.973     0.973    bd_0_i/hls_inst/inst/input_a_soma[1]
                         LUT2 (Prop_lut2_I1_O)        0.124     1.097 r  bd_0_i/hls_inst/inst/output_soma[0]_INST_0_i_3/O
                         net (fo=1, unplaced)         0.000     1.097    bd_0_i/hls_inst/inst/output_soma[0]_INST_0_i_3_n_0
                         CARRY4 (Prop_carry4_S[1]_CO[3])
                                                      0.533     1.630 r  bd_0_i/hls_inst/inst/output_soma[0]_INST_0/CO[3]
                         net (fo=1, unplaced)         0.000     1.630    bd_0_i/hls_inst/inst/output_soma[0]_INST_0_n_0
                         CARRY4 (Prop_carry4_CI_CO[3])
                                                      0.117     1.747 r  bd_0_i/hls_inst/inst/output_soma[4]_INST_0/CO[3]
                         net (fo=1, unplaced)         0.000     1.747    bd_0_i/hls_inst/inst/output_soma[4]_INST_0_n_0
                         CARRY4 (Prop_carry4_CI_CO[3])
                                                      0.117     1.864 r  bd_0_i/hls_inst/inst/output_soma[8]_INST_0/CO[3]
                         net (fo=1, unplaced)         0.000     1.864    bd_0_i/hls_inst/inst/output_soma[8]_INST_0_n_0
                         CARRY4 (Prop_carry4_CI_CO[3])
                                                      0.117     1.981 r  bd_0_i/hls_inst/inst/output_soma[12]_INST_0/CO[3]
                         net (fo=1, unplaced)         0.000     1.981    bd_0_i/hls_inst/inst/output_soma[12]_INST_0_n_0
                         CARRY4 (Prop_carry4_CI_CO[3])
                                                      0.117     2.098 r  bd_0_i/hls_inst/inst/output_soma[16]_INST_0/CO[3]
                         net (fo=1, unplaced)         0.000     2.098    bd_0_i/hls_inst/inst/output_soma[16]_INST_0_n_0
                         CARRY4 (Prop_carry4_CI_CO[3])
                                                      0.117     2.215 r  bd_0_i/hls_inst/inst/output_soma[20]_INST_0/CO[3]
                         net (fo=1, unplaced)         0.000     2.215    bd_0_i/hls_inst/inst/output_soma[20]_INST_0_n_0
                         CARRY4 (Prop_carry4_CI_CO[3])
                                                      0.117     2.332 r  bd_0_i/hls_inst/inst/output_soma[24]_INST_0/CO[3]
                         net (fo=1, unplaced)         0.000     2.332    bd_0_i/hls_inst/inst/output_soma[24]_INST_0_n_0
                         CARRY4 (Prop_carry4_CI_O[0])
                                                      0.232     2.564 r  bd_0_i/hls_inst/inst/output_soma[28]_INST_0/O[0]
                         net (fo=0)                   0.973     3.537    output_soma[28]
                                                                      r  output_soma[28] (OUT)
  -------------------------------------------------------------------    -------------------

                         max delay                   10.000    10.000    
                         clock pessimism              0.000    10.000    
                         output delay                -0.000    10.000    
  -------------------------------------------------------------------
                         required time                         10.000    
                         arrival time                          -3.537    
  -------------------------------------------------------------------
                         slack                                  6.463    

Slack (MET) :             6.463ns  (required time - arrival time)
  Source:                 input_b_sub[1]
                            (input port)
  Destination:            output_subtracao[28]
  Path Group:             **default**
  Path Type:              Max at Slow Process Corner
  Requirement:            10.000ns  (MaxDelay Path 10.000ns)
  Data Path Delay:        3.537ns  (logic 1.591ns (44.982%)  route 1.946ns (55.018%))
  Logic Levels:           9  (CARRY4=8 LUT2=1)
  Output Delay:           0.000ns
  Timing Exception:       MaxDelay Path 10.000ns

    Location             Delay type                Incr(ns)  Path(ns)    Netlist Resource(s)
  -------------------------------------------------------------------    -------------------
                                                      0.000     0.000 r  input_b_sub[1] (IN)
                         net (fo=0)                   0.973     0.973    bd_0_i/hls_inst/inst/input_b_sub[1]
                         LUT2 (Prop_lut2_I1_O)        0.124     1.097 r  bd_0_i/hls_inst/inst/output_subtracao[0]_INST_0_i_3/O
                         net (fo=1, unplaced)         0.000     1.097    bd_0_i/hls_inst/inst/output_subtracao[0]_INST_0_i_3_n_0
                         CARRY4 (Prop_carry4_S[1]_CO[3])
                                                      0.533     1.630 r  bd_0_i/hls_inst/inst/output_subtracao[0]_INST_0/CO[3]
                         net (fo=1, unplaced)         0.000     1.630    bd_0_i/hls_inst/inst/output_subtracao[0]_INST_0_n_0
                         CARRY4 (Prop_carry4_CI_CO[3])
                                                      0.117     1.747 r  bd_0_i/hls_inst/inst/output_subtracao[4]_INST_0/CO[3]
                         net (fo=1, unplaced)         0.000     1.747    bd_0_i/hls_inst/inst/output_subtracao[4]_INST_0_n_0
                         CARRY4 (Prop_carry4_CI_CO[3])
                                                      0.117     1.864 r  bd_0_i/hls_inst/inst/output_subtracao[8]_INST_0/CO[3]
                         net (fo=1, unplaced)         0.000     1.864    bd_0_i/hls_inst/inst/output_subtracao[8]_INST_0_n_0
                         CARRY4 (Prop_carry4_CI_CO[3])
                                                      0.117     1.981 r  bd_0_i/hls_inst/inst/output_subtracao[12]_INST_0/CO[3]
                         net (fo=1, unplaced)         0.000     1.981    bd_0_i/hls_inst/inst/output_subtracao[12]_INST_0_n_0
                         CARRY4 (Prop_carry4_CI_CO[3])
                                                      0.117     2.098 r  bd_0_i/hls_inst/inst/output_subtracao[16]_INST_0/CO[3]
                         net (fo=1, unplaced)         0.000     2.098    bd_0_i/hls_inst/inst/output_subtracao[16]_INST_0_n_0
                         CARRY4 (Prop_carry4_CI_CO[3])
                                                      0.117     2.215 r  bd_0_i/hls_inst/inst/output_subtracao[20]_INST_0/CO[3]
                         net (fo=1, unplaced)         0.000     2.215    bd_0_i/hls_inst/inst/output_subtracao[20]_INST_0_n_0
                         CARRY4 (Prop_carry4_CI_CO[3])
                                                      0.117     2.332 r  bd_0_i/hls_inst/inst/output_subtracao[24]_INST_0/CO[3]
                         net (fo=1, unplaced)         0.000     2.332    bd_0_i/hls_inst/inst/output_subtracao[24]_INST_0_n_0
                         CARRY4 (Prop_carry4_CI_O[0])
                                                      0.232     2.564 r  bd_0_i/hls_inst/inst/output_subtracao[28]_INST_0/O[0]
                         net (fo=0)                   0.973     3.537    output_subtracao[28]
                                                                      r  output_subtracao[28] (OUT)
  -------------------------------------------------------------------    -------------------

                         max delay                   10.000    10.000    
                         clock pessimism              0.000    10.000    
                         output delay                -0.000    10.000    
  -------------------------------------------------------------------
                         required time                         10.000    
                         arrival time                          -3.537    
  -------------------------------------------------------------------
                         slack                                  6.463    

Slack (MET) :             6.475ns  (required time - arrival time)
  Source:                 input_a_soma[1]
                            (input port)
  Destination:            output_soma[25]
  Path Group:             **default**
  Path Type:              Max at Slow Process Corner
  Requirement:            10.000ns  (MaxDelay Path 10.000ns)
  Data Path Delay:        3.525ns  (logic 1.579ns (44.794%)  route 1.946ns (55.206%))
  Logic Levels:           8  (CARRY4=7 LUT2=1)
  Output Delay:           0.000ns
  Timing Exception:       MaxDelay Path 10.000ns

    Location             Delay type                Incr(ns)  Path(ns)    Netlist Resource(s)
  -------------------------------------------------------------------    -------------------
                                                      0.000     0.000 r  input_a_soma[1] (IN)
                         net (fo=0)                   0.973     0.973    bd_0_i/hls_inst/inst/input_a_soma[1]
                         LUT2 (Prop_lut2_I1_O)        0.124     1.097 r  bd_0_i/hls_inst/inst/output_soma[0]_INST_0_i_3/O
                         net (fo=1, unplaced)         0.000     1.097    bd_0_i/hls_inst/inst/output_soma[0]_INST_0_i_3_n_0
                         CARRY4 (Prop_carry4_S[1]_CO[3])
                                                      0.533     1.630 r  bd_0_i/hls_inst/inst/output_soma[0]_INST_0/CO[3]
                         net (fo=1, unplaced)         0.000     1.630    bd_0_i/hls_inst/inst/output_soma[0]_INST_0_n_0
                         CARRY4 (Prop_carry4_CI_CO[3])
                                                      0.117     1.747 r  bd_0_i/hls_inst/inst/output_soma[4]_INST_0/CO[3]
                         net (fo=1, unplaced)         0.000     1.747    bd_0_i/hls_inst/inst/output_soma[4]_INST_0_n_0
                         CARRY4 (Prop_carry4_CI_CO[3])
                                                      0.117     1.864 r  bd_0_i/hls_inst/inst/output_soma[8]_INST_0/CO[3]
                         net (fo=1, unplaced)         0.000     1.864    bd_0_i/hls_inst/inst/output_soma[8]_INST_0_n_0
                         CARRY4 (Prop_carry4_CI_CO[3])
                                                      0.117     1.981 r  bd_0_i/hls_inst/inst/output_soma[12]_INST_0/CO[3]
                         net (fo=1, unplaced)         0.000     1.981    bd_0_i/hls_inst/inst/output_soma[12]_INST_0_n_0
                         CARRY4 (Prop_carry4_CI_CO[3])
                                                      0.117     2.098 r  bd_0_i/hls_inst/inst/output_soma[16]_INST_0/CO[3]
                         net (fo=1, unplaced)         0.000     2.098    bd_0_i/hls_inst/inst/output_soma[16]_INST_0_n_0
                         CARRY4 (Prop_carry4_CI_CO[3])
                                                      0.117     2.215 r  bd_0_i/hls_inst/inst/output_soma[20]_INST_0/CO[3]
                         net (fo=1, unplaced)         0.000     2.215    bd_0_i/hls_inst/inst/output_soma[20]_INST_0_n_0
                         CARRY4 (Prop_carry4_CI_O[1])
                                                      0.337     2.552 r  bd_0_i/hls_inst/inst/output_soma[24]_INST_0/O[1]
                         net (fo=0)                   0.973     3.525    output_soma[25]
                                                                      r  output_soma[25] (OUT)
  -------------------------------------------------------------------    -------------------

                         max delay                   10.000    10.000    
                         clock pessimism              0.000    10.000    
                         output delay                -0.000    10.000    
  -------------------------------------------------------------------
                         required time                         10.000    
                         arrival time                          -3.525    
  -------------------------------------------------------------------
                         slack                                  6.475    

Slack (MET) :             6.475ns  (required time - arrival time)
  Source:                 input_b_sub[1]
                            (input port)
  Destination:            output_subtracao[25]
  Path Group:             **default**
  Path Type:              Max at Slow Process Corner
  Requirement:            10.000ns  (MaxDelay Path 10.000ns)
  Data Path Delay:        3.525ns  (logic 1.579ns (44.794%)  route 1.946ns (55.206%))
  Logic Levels:           8  (CARRY4=7 LUT2=1)
  Output Delay:           0.000ns
  Timing Exception:       MaxDelay Path 10.000ns

    Location             Delay type                Incr(ns)  Path(ns)    Netlist Resource(s)
  -------------------------------------------------------------------    -------------------
                                                      0.000     0.000 r  input_b_sub[1] (IN)
                         net (fo=0)                   0.973     0.973    bd_0_i/hls_inst/inst/input_b_sub[1]
                         LUT2 (Prop_lut2_I1_O)        0.124     1.097 r  bd_0_i/hls_inst/inst/output_subtracao[0]_INST_0_i_3/O
                         net (fo=1, unplaced)         0.000     1.097    bd_0_i/hls_inst/inst/output_subtracao[0]_INST_0_i_3_n_0
                         CARRY4 (Prop_carry4_S[1]_CO[3])
                                                      0.533     1.630 r  bd_0_i/hls_inst/inst/output_subtracao[0]_INST_0/CO[3]
                         net (fo=1, unplaced)         0.000     1.630    bd_0_i/hls_inst/inst/output_subtracao[0]_INST_0_n_0
                         CARRY4 (Prop_carry4_CI_CO[3])
                                                      0.117     1.747 r  bd_0_i/hls_inst/inst/output_subtracao[4]_INST_0/CO[3]
                         net (fo=1, unplaced)         0.000     1.747    bd_0_i/hls_inst/inst/output_subtracao[4]_INST_0_n_0
                         CARRY4 (Prop_carry4_CI_CO[3])
                                                      0.117     1.864 r  bd_0_i/hls_inst/inst/output_subtracao[8]_INST_0/CO[3]
                         net (fo=1, unplaced)         0.000     1.864    bd_0_i/hls_inst/inst/output_subtracao[8]_INST_0_n_0
                         CARRY4 (Prop_carry4_CI_CO[3])
                                                      0.117     1.981 r  bd_0_i/hls_inst/inst/output_subtracao[12]_INST_0/CO[3]
                         net (fo=1, unplaced)         0.000     1.981    bd_0_i/hls_inst/inst/output_subtracao[12]_INST_0_n_0
                         CARRY4 (Prop_carry4_CI_CO[3])
                                                      0.117     2.098 r  bd_0_i/hls_inst/inst/output_subtracao[16]_INST_0/CO[3]
                         net (fo=1, unplaced)         0.000     2.098    bd_0_i/hls_inst/inst/output_subtracao[16]_INST_0_n_0
                         CARRY4 (Prop_carry4_CI_CO[3])
                                                      0.117     2.215 r  bd_0_i/hls_inst/inst/output_subtracao[20]_INST_0/CO[3]
                         net (fo=1, unplaced)         0.000     2.215    bd_0_i/hls_inst/inst/output_subtracao[20]_INST_0_n_0
                         CARRY4 (Prop_carry4_CI_O[1])
                                                      0.337     2.552 r  bd_0_i/hls_inst/inst/output_subtracao[24]_INST_0/O[1]
                         net (fo=0)                   0.973     3.525    output_subtracao[25]
                                                                      r  output_subtracao[25] (OUT)
  -------------------------------------------------------------------    -------------------

                         max delay                   10.000    10.000    
                         clock pessimism              0.000    10.000    
                         output delay                -0.000    10.000    
  -------------------------------------------------------------------
                         required time                         10.000    
                         arrival time                          -3.525    
  -------------------------------------------------------------------
                         slack                                  6.475    




