Copyright 1986-2022 Xilinx, Inc. All Rights Reserved. Copyright 2022-2024 Advanced Micro Devices, Inc. All Rights Reserved.
---------------------------------------------------------------------------------------------------------------------------------------------
| Tool Version : Vivado v.2024.2 (win64) Build 5239630 Fri Nov 08 22:35:27 MST 2024
| Date         : Wed Jun  4 18:06:19 2025
| Host         : DESKTOP-8L9PMU5 running 64-bit major release  (build 9200)
| Command      : report_design_analysis -file ./report/top_function_design_analysis_routed.rpt
| Design       : bd_0_wrapper
| Device       : xc7z007s
| Design State : Routed
---------------------------------------------------------------------------------------------------------------------------------------------

Report Design Analysis

Table of Contents
-----------------
1. Setup Path Characteristics 1-1
2. Logic Level Distribution
3. Placer Final Level Congestion Reporting
4. Initial Estimated Router Congestion Reporting
5. SLR Net Crossing Reporting

1. Setup Path Characteristics 1-1
---------------------------------

+---------------------------+--------------------------------------------------------------------------------------------------+
|      Characteristics      |                                              Path #1                                             |
+---------------------------+--------------------------------------------------------------------------------------------------+
| Requirement               | 10.000                                                                                           |
| Path Delay                | 3.639                                                                                            |
| Logic Delay               | 1.692(47%)                                                                                       |
| Net Delay                 | 1.947(53%)                                                                                       |
| Clock Skew                | 0.000                                                                                            |
| Slack                     | 6.361                                                                                            |
| Clock Uncertainty         | 0.000                                                                                            |
| Clock Relationship        | Safely Timed                                                                                     |
| Clock Delay Group         | Same Group                                                                                       |
| Logic Levels              | 9                                                                                                |
| Routes                    | 7                                                                                                |
| Logical Path              | LUT2/input_a_soma[1]-(1)-CARRY4-CARRY4-CARRY4-CARRY4-CARRY4-CARRY4-CARRY4-CARRY4/output_soma[29] |
| Start Point Clock         | input port clock                                                                                 |
| End Point Clock           |                                                                                                  |
| DSP Block                 | None                                                                                             |
| RAM Registers             | None-None                                                                                        |
| IO Crossings              | 0                                                                                                |
| Config Crossings          | 0                                                                                                |
| SLR Crossings             | 0                                                                                                |
| PBlocks                   | 0                                                                                                |
| High Fanout               | 1                                                                                                |
| Dont Touch                | 0                                                                                                |
| Mark Debug                | 0                                                                                                |
| Start Point Pin Primitive | input_a_soma[1]                                                                                  |
| End Point Pin Primitive   | output_soma[29]                                                                                  |
| Start Point Pin           | input_a_soma[1]                                                                                  |
| End Point Pin             | output_soma[29]                                                                                  |
+---------------------------+--------------------------------------------------------------------------------------------------+
* Bounding box calculated as % of dimensions for the target device (156, 199)


2. Logic Level Distribution
---------------------------

+-----------------+-------------+---+---+---+---+---+---+---+---+---+
| End Point Clock | Requirement | 0 | 2 | 3 | 4 | 5 | 6 | 7 | 8 | 9 |
+-----------------+-------------+---+---+---+---+---+---+---+---+---+
| (none)          | 10.000ns    | 4 | 8 | 8 | 8 | 8 | 8 | 8 | 8 | 8 |
+-----------------+-------------+---+---+---+---+---+---+---+---+---+
* Columns represent the logic levels per end point clock
** Distribution is for top worst 68 paths


3. Placer Final Level Congestion Reporting
------------------------------------------

+-----------+------+-------+------------+--------+---------------+---------------+-----+--------+------+------+------+-----+-------+-----+------------+
| Direction | Type | Level | Congestion | Window | Combined LUTs | Avg LUT Input | LUT | LUTRAM | Flop | MUXF | RAMB | DSP | CARRY | SRL | Cell Names |
+-----------+------+-------+------------+--------+---------------+---------------+-----+--------+------+------+------+-----+-------+-----+------------+
* No congestion windows are found above level 5


4. Initial Estimated Router Congestion Reporting
------------------------------------------------

+-----------+------+-------+------------------+--------+---------------+---------------+-----+--------+------+------+------+-----+-------+-----+------------+
| Direction | Type | Level | Percentage Tiles | Window | Combined LUTs | Avg LUT Input | LUT | LUTRAM | Flop | MUXF | RAMB | DSP | CARRY | SRL | Cell Names |
+-----------+------+-------+------------------+--------+---------------+---------------+-----+--------+------+------+------+-----+-------+-----+------------+
* No router congested regions found.
** No initial estimated congestion windows are found above level 5


5. SLR Net Crossing Reporting
-----------------------------

+------------+-----------------------------+
| Cell Names | Number of Nets crossing SLR |
+------------+-----------------------------+
* The current part is not an SSI device


