Copyright 1986-2022 Xilinx, Inc. All Rights Reserved. Copyright 2022-2024 Advanced Micro Devices, Inc. All Rights Reserved.
---------------------------------------------------------------------------------------------------------------------------------------------
| Tool Version : Vivado v.2024.2 (win64) Build 5239630 Fri Nov 08 22:35:27 MST 2024
| Date         : Wed May 28 12:35:56 2025
| Host         : DESKTOP-8L9PMU5 running 64-bit major release  (build 9200)
| Command      : report_utilization -hierarchical -hierarchical_depth 5 -file ./report/adder_utilization_hierarchical_synth.rpt
| Design       : bd_0_wrapper
| Device       : xc7z007sclg400-1
| Speed File   : -1
| Design State : Synthesized
---------------------------------------------------------------------------------------------------------------------------------------------

Utilization Design Information

Table of Contents
-----------------
1. Utilization by Hierarchy

1. Utilization by Hierarchy
---------------------------

+------------------+-----------------------+------------+------------+---------+------+-----+--------+--------+------------+
|     Instance     |         Module        | Total LUTs | Logic LUTs | LUTRAMs | SRLs | FFs | RAMB36 | RAMB18 | DSP Blocks |
+------------------+-----------------------+------------+------------+---------+------+-----+--------+--------+------------+
| bd_0_wrapper     |                 (top) |          8 |          8 |       0 |    0 |   0 |      0 |      0 |          0 |
|   bd_0_i         |                  bd_0 |          8 |          8 |       0 |    0 |   0 |      0 |      0 |          0 |
|     hls_inst     |       bd_0_hls_inst_0 |          8 |          8 |       0 |    0 |   0 |      0 |      0 |          0 |
|       (hls_inst) |       bd_0_hls_inst_0 |          0 |          0 |       0 |    0 |   0 |      0 |      0 |          0 |
|       inst       | bd_0_hls_inst_0_adder |          8 |          8 |       0 |    0 |   0 |      0 |      0 |          0 |
+------------------+-----------------------+------------+------------+---------+------+-----+--------+--------+------------+


