#-----------------------------------------------------------
# Vivado v2024.2 (64-bit)
# SW Build 5239630 on Fri Nov 08 22:35:27 MST 2024
# IP Build 5239520 on Sun Nov 10 16:12:51 MST 2024
# SharedData Build 5239561 on Fri Nov 08 14:39:27 MST 2024
# Start of session at: Sat May 24 14:54:07 2025
# Process ID         : 2416
# Current directory  : D:/Projetos_HLS/soma/soma/hls/impl/verilog
# Command line       : vivado.exe -mode batch -source run_vivado.tcl
# Log file           : D:/Projetos_HLS/soma/soma/hls/impl/verilog/vivado.log
# Journal file       : D:/Projetos_HLS/soma/soma/hls/impl/verilog\vivado.jou
# Running On         : PC-MEGA-POWER
# Platform           : Windows Server 2016 or Windows 10
# Operating System   : 26100
# Processor Detail   : 12th Gen Intel(R) Core(TM) i5-12400F
# CPU Frequency      : 2496 MHz
# CPU Physical cores : 6
# CPU Logical cores  : 12
# Host memory        : 34184 MB
# Swap memory        : 2147 MB
# Total Virtual      : 36331 MB
# Available Virtual  : 20982 MB
#-----------------------------------------------------------
source run_vivado.tcl
